
> sudion_frontend@0.1.0 build
> next build

Γû▓ Next.js 16.2.6 (Turbopack)

  Creating an optimized production build ...
Γ£ô Compiled successfully in 3.2s
  Running TypeScript ...
  Finished TypeScript in 4.0s ...
  Collecting page data using 11 workers ...
  Generating static pages using 11 workers (0/25) ...
node.exe : Γ¿» useSearchParams() should be wrapped in a suspense boundary at 
page "/booking-success/confirmed". Read more: 
https://nextjs.org/docs/messages/missing-suspense-with-csr-bailout
At line:1 char:1
+ & "C:\Program Files\nodejs/node.exe" "C:\Users\ASUS\AppData\Roaming\n ...
+ ~~~~~~~~~~~~~~~~~~~~~~~~~~~~~~~~~~~~~~~~~~~~~~~~~~~~~~~~~~~~~~~~~~~~~
    + CategoryInfo          : NotSpecified: (Γ¿» useSearchPa...ith-csr-bailout 
   :String) [], RemoteException
    + FullyQualifiedErrorId : NativeCommandError
 
    at S (C:\Users\ASUS\Documents\GitHub\sudion_frontend\.next\server\chunks\ss
r\node_modules_next_0w2y7fz._.js:2:2692)
    at r (C:\Users\ASUS\Documents\GitHub\sudion_frontend\.next\server\chunks\ss
r\node_modules_next_0w2y7fz._.js:4:6760)
    at C:\Users\ASUS\Documents\GitHub\sudion_frontend\.next\server\chunks\ssr\a
pp_0qqtp.t._.js:1:665
    at an (C:\Users\ASUS\Documents\GitHub\sudion_frontend\node_modules\next\dis
t\compiled\next-server\app-page-turbo.runtime.prod.js:2:84267)
    at ai (C:\Users\ASUS\Documents\GitHub\sudion_frontend\node_modules\next\dis
t\compiled\next-server\app-page-turbo.runtime.prod.js:2:86086)
    at al (C:\Users\ASUS\Documents\GitHub\sudion_frontend\node_modules\next\dis
t\compiled\next-server\app-page-turbo.runtime.prod.js:2:107860)
    at ao (C:\Users\ASUS\Documents\GitHub\sudion_frontend\node_modules\next\dis
t\compiled\next-server\app-page-turbo.runtime.prod.js:2:105275)
    at aa (C:\Users\ASUS\Documents\GitHub\sudion_frontend\node_modules\next\dis
t\compiled\next-server\app-page-turbo.runtime.prod.js:2:84619)
    at ai (C:\Users\ASUS\Documents\GitHub\sudion_frontend\node_modules\next\dis
t\compiled\next-server\app-page-turbo.runtime.prod.js:2:86135)
    at ai (C:\Users\ASUS\Documents\GitHub\sudion_frontend\node_modules\next\dis
t\compiled\next-server\app-page-turbo.runtime.prod.js:2:104615)
Error occurred prerendering page "/booking-success/confirmed". Read more: 
https://nextjs.org/docs/messages/prerender-error
Export encountered an error on /booking-success/confirmed/page: 
/booking-success/confirmed, exiting the build.
Γ¿» Next.js build worker exited with code: 1 and signal: null
